C:\Users\pc\eclipse-workspace\GestionChequeV3\src\main\java\controllers\FiltreController.java
C:\Users\pc\eclipse-workspace\GestionChequeV3\src\main\java\vues\ChequeFiltreView.java
C:\Users\pc\eclipse-workspace\GestionChequeV3\src\main\java\bp\GestionChequeV3\App.java
C:\Users\pc\eclipse-workspace\GestionChequeV3\src\main\java\repositories\ScanRepository.java
C:\Users\pc\eclipse-workspace\GestionChequeV3\src\main\java\vues\ChequeFormApp.java
C:\Users\pc\eclipse-workspace\GestionChequeV3\src\main\java\vues\ScanDisplayView.java
C:\Users\pc\eclipse-workspace\GestionChequeV3\src\main\java\controllers\ChequeController.java
C:\Users\pc\eclipse-workspace\GestionChequeV3\src\main\java\services\NombreEnLettre.java
C:\Users\pc\eclipse-workspace\GestionChequeV3\src\main\java\vues\HomePage.java
C:\Users\pc\eclipse-workspace\GestionChequeV3\src\main\java\services\ScanService.java
C:\Users\pc\eclipse-workspace\GestionChequeV3\src\main\java\nativecall\NativeHello.java
C:\Users\pc\eclipse-workspace\GestionChequeV3\src\main\java\repositories\ChequeRepository.java
C:\Users\pc\eclipse-workspace\GestionChequeV3\src\main\java\controllers\HomeController.java
C:\Users\pc\eclipse-workspace\GestionChequeV3\src\main\java\controllers\ScanController.java
C:\Users\pc\eclipse-workspace\GestionChequeV3\src\main\java\services\MontantEnLettresService.java
C:\Users\pc\eclipse-workspace\GestionChequeV3\src\main\java\entities\Cheque.java
C:\Users\pc\eclipse-workspace\GestionChequeV3\src\main\java\entities\Scan.java
C:\Users\pc\eclipse-workspace\GestionChequeV3\src\main\java\services\NombreArabe.java
C:\Users\pc\eclipse-workspace\GestionChequeV3\src\main\java\db\H2Database.java
C:\Users\pc\eclipse-workspace\GestionChequeV3\src\main\java\vues\ChequeEditView.java
C:\Users\pc\eclipse-workspace\GestionChequeV3\src\main\java\vues\ChequeVisualisationView.java
C:\Users\pc\eclipse-workspace\GestionChequeV3\src\main\java\vues\ScanView.java
C:\Users\pc\eclipse-workspace\GestionChequeV3\src\main\java\controllers\MontantController.java
C:\Users\pc\eclipse-workspace\GestionChequeV3\src\main\java\vues\ChequePrintView.java
